[2026-07-06 13:47:55.568] [INFO] [STARTUP] local planner logger initialized file=/home/jhr/3dnav_ws/debug/logs/local_planner/local_planner_2026-07-06_13-47-55.log
[2026-07-06 13:47:55.570] [INFO] [STATE] from=NONE to=WAITING_FOR_PATH reason=startup
[2026-07-06 13:47:55.570] [INFO] [STARTUP] local planner started node_name=ego_local_planner_node config_file=/home/jhr/3dnav_ws/install/ego_local_planner/share/ego_local_planner/config/ego_local_planner.yaml map_frame=map odom_frame=odom base_frame=base_link pointcloud_topic=/livox/lidar,/cloud_registered,/cloud_registered_body,/mid360 global_path_topic=/planned_path cmd_vel_topic=/cmd_vel_nav robot_model=ground_omni max_vel_x=0.200 max_vel_y=0.100 max_yaw_rate=1.000 local_map_radius=5.000 inflation_radius=0.350 cloud_processing_frequency=10.000 visualization_frequency=2.000 performance_topic=/local_planner/performance corner_safety_enabled=true obstacle_speed_scaling_enabled=true
[2026-07-06 13:47:55.620] [INFO] [CMD_VEL] cmd_vel changed linear.x=0.000 linear.y=0.000 angular.z=0.000 reason=no_global_path
[2026-07-06 13:47:55.620] [WARN] [GLOBAL_PATH_LOST] no valid global path in replan
[2026-07-06 13:47:56.041] [INFO] [CLOUD] static cloud received raw_point_count=554013 filtered_point_count=554013 cloud_frame=map cloud_age=0.287 local_map_points=33304
[2026-07-06 13:47:56.094] [INFO] [SUMMARY] state=WAITING_FOR_PATH current_pose=(-1.500,3.200,0.000,0.000) pose_source=tf:base_link tf_age=-1.000 local_target=(0.000,0.000,0.000) path_size=0 local_map_points=33304 trajectory_valid=false min_obstacle_distance=0.451 tracking_error=0.000 cmd_vel_nav=(0.000,0.000,0.000) replan_count=0 collision_count=0
[2026-07-06 13:47:57.108] [INFO] [SUMMARY] state=WAITING_FOR_PATH current_pose=(-1.500,3.200,0.000,0.000) pose_source=tf:base_link tf_age=-1.000 local_target=(0.000,0.000,0.000) path_size=0 local_map_points=33304 trajectory_valid=false min_obstacle_distance=0.451 tracking_error=0.000 cmd_vel_nav=(0.000,0.000,0.000) replan_count=0 collision_count=0
[2026-07-06 13:47:57.592] [INFO] [PERFORMANCE_SUMMARY] cloud_input_hz=0.000 cloud_processed_hz=0.000 planning_hz=0.000 control_cmd_hz=72.630 visualization_hz=4.035 avg_cloud_process_time_ms=0.000 avg_planning_time_ms=0.000 avg_control_time_ms=0.021 avg_visualization_time_ms=3.243 last_cloud_process_time_ms=0.000 dropped_cloud_count=0 local_map_points=33304 occupied_voxels=24958 state=WAITING_FOR_PATH
[2026-07-06 13:47:57.621] [WARN] [GLOBAL_PATH_LOST] no valid global path in replan
[2026-07-06 13:47:58.595] [INFO] [SUMMARY] state=WAITING_FOR_PATH current_pose=(-1.500,3.200,0.000,0.000) pose_source=tf:base_link tf_age=-1.000 local_target=(0.000,0.000,0.000) path_size=0 local_map_points=33304 trajectory_valid=false min_obstacle_distance=0.451 tracking_error=0.000 cmd_vel_nav=(0.000,0.000,0.000) replan_count=0 collision_count=0
[2026-07-06 13:47:58.598] [INFO] [PERFORMANCE_SUMMARY] cloud_input_hz=0.000 cloud_processed_hz=0.000 planning_hz=0.000 control_cmd_hz=39.737 visualization_hz=1.987 avg_cloud_process_time_ms=0.000 avg_planning_time_ms=0.000 avg_control_time_ms=0.025 avg_visualization_time_ms=3.396 last_cloud_process_time_ms=0.000 dropped_cloud_count=0 local_map_points=33304 occupied_voxels=24958 state=WAITING_FOR_PATH
[2026-07-06 13:47:59.596] [INFO] [SUMMARY] state=WAITING_FOR_PATH current_pose=(-1.500,3.200,0.000,0.000) pose_source=tf:base_link tf_age=-1.000 local_target=(0.000,0.000,0.000) path_size=0 local_map_points=33304 trajectory_valid=false min_obstacle_distance=0.451 tracking_error=0.000 cmd_vel_nav=(0.000,0.000,0.000) replan_count=0 collision_count=0
[2026-07-06 13:47:59.599] [INFO] [PERFORMANCE_SUMMARY] cloud_input_hz=0.000 cloud_processed_hz=0.000 planning_hz=0.000 control_cmd_hz=39.963 visualization_hz=1.998 avg_cloud_process_time_ms=0.000 avg_planning_time_ms=0.000 avg_control_time_ms=0.022 avg_visualization_time_ms=3.260 last_cloud_process_time_ms=0.000 dropped_cloud_count=0 local_map_points=33304 occupied_voxels=24958 state=WAITING_FOR_PATH
[2026-07-06 13:47:59.621] [WARN] [GLOBAL_PATH_LOST] no valid global path in replan
[2026-07-06 13:48:00.608] [INFO] [SUMMARY] state=WAITING_FOR_PATH current_pose=(-1.500,3.200,0.000,0.000) pose_source=tf:base_link tf_age=-1.000 local_target=(0.000,0.000,0.000) path_size=0 local_map_points=33304 trajectory_valid=false min_obstacle_distance=0.451 tracking_error=0.000 cmd_vel_nav=(0.000,0.000,0.000) replan_count=0 collision_count=0
[2026-07-06 13:48:00.611] [INFO] [PERFORMANCE_SUMMARY] cloud_input_hz=0.000 cloud_processed_hz=0.000 planning_hz=0.000 control_cmd_hz=39.529 visualization_hz=1.976 avg_cloud_process_time_ms=0.000 avg_planning_time_ms=0.000 avg_control_time_ms=0.023 avg_visualization_time_ms=3.197 last_cloud_process_time_ms=0.000 dropped_cloud_count=0 local_map_points=33304 occupied_voxels=24958 state=WAITING_FOR_PATH
[2026-07-06 13:48:01.597] [INFO] [PERFORMANCE_SUMMARY] cloud_input_hz=0.000 cloud_processed_hz=0.000 planning_hz=0.000 control_cmd_hz=40.572 visualization_hz=2.029 avg_cloud_process_time_ms=0.000 avg_planning_time_ms=0.000 avg_control_time_ms=0.022 avg_visualization_time_ms=3.257 last_cloud_process_time_ms=0.000 dropped_cloud_count=0 local_map_points=33304 occupied_voxels=24958 state=WAITING_FOR_PATH
[2026-07-06 13:48:01.621] [WARN] [GLOBAL_PATH_LOST] no valid global path in replan
[2026-07-06 13:48:02.094] [INFO] [SUMMARY] state=WAITING_FOR_PATH current_pose=(-1.500,3.200,0.000,0.000) pose_source=tf:base_link tf_age=-1.000 local_target=(0.000,0.000,0.000) path_size=0 local_map_points=33304 trajectory_valid=false min_obstacle_distance=0.451 tracking_error=0.000 cmd_vel_nav=(0.000,0.000,0.000) replan_count=0 collision_count=0
[2026-07-06 13:48:02.593] [INFO] [PERFORMANCE_SUMMARY] cloud_input_hz=0.000 cloud_processed_hz=0.000 planning_hz=0.000 control_cmd_hz=40.158 visualization_hz=2.008 avg_cloud_process_time_ms=0.000 avg_planning_time_ms=0.000 avg_control_time_ms=0.019 avg_visualization_time_ms=3.152 last_cloud_process_time_ms=0.000 dropped_cloud_count=0 local_map_points=33304 occupied_voxels=24958 state=WAITING_FOR_PATH
[2026-07-06 13:48:03.106] [INFO] [SUMMARY] state=WAITING_FOR_PATH current_pose=(-1.500,3.200,0.000,0.000) pose_source=tf:base_link tf_age=-1.000 local_target=(0.000,0.000,0.000) path_size=0 local_map_points=33304 trajectory_valid=false min_obstacle_distance=0.451 tracking_error=0.000 cmd_vel_nav=(0.000,0.000,0.000) replan_count=0 collision_count=0
[2026-07-06 13:48:03.595] [INFO] [PERFORMANCE_SUMMARY] cloud_input_hz=0.000 cloud_processed_hz=0.000 planning_hz=0.000 control_cmd_hz=39.911 visualization_hz=1.996 avg_cloud_process_time_ms=0.000 avg_planning_time_ms=0.000 avg_control_time_ms=0.021 avg_visualization_time_ms=3.254 last_cloud_process_time_ms=0.000 dropped_cloud_count=0 local_map_points=33304 occupied_voxels=24958 state=WAITING_FOR_PATH
[2026-07-06 13:48:03.621] [WARN] [GLOBAL_PATH_LOST] no valid global path in replan
[2026-07-06 13:48:04.600] [INFO] [SUMMARY] state=WAITING_FOR_PATH current_pose=(-1.500,3.200,0.000,0.000) pose_source=tf:base_link tf_age=-1.000 local_target=(0.000,0.000,0.000) path_size=0 local_map_points=33304 trajectory_valid=false min_obstacle_distance=0.451 tracking_error=0.000 cmd_vel_nav=(0.000,0.000,0.000) replan_count=0 collision_count=0
[2026-07-06 13:48:04.603] [INFO] [PERFORMANCE_SUMMARY] cloud_input_hz=0.000 cloud_processed_hz=0.000 planning_hz=0.000 control_cmd_hz=39.691 visualization_hz=1.985 avg_cloud_process_time_ms=0.000 avg_planning_time_ms=0.000 avg_control_time_ms=0.021 avg_visualization_time_ms=3.319 last_cloud_process_time_ms=0.000 dropped_cloud_count=0 local_map_points=33304 occupied_voxels=24958 state=WAITING_FOR_PATH
[2026-07-06 13:48:05.603] [INFO] [SUMMARY] state=WAITING_FOR_PATH current_pose=(-1.500,3.200,0.000,0.000) pose_source=tf:base_link tf_age=-1.000 local_target=(0.000,0.000,0.000) path_size=0 local_map_points=33304 trajectory_valid=false min_obstacle_distance=0.451 tracking_error=0.000 cmd_vel_nav=(0.000,0.000,0.000) replan_count=0 collision_count=0
[2026-07-06 13:48:05.607] [INFO] [PERFORMANCE_SUMMARY] cloud_input_hz=0.000 cloud_processed_hz=0.000 planning_hz=0.000 control_cmd_hz=39.867 visualization_hz=1.993 avg_cloud_process_time_ms=0.000 avg_planning_time_ms=0.000 avg_control_time_ms=0.019 avg_visualization_time_ms=3.610 last_cloud_process_time_ms=0.000 dropped_cloud_count=0 local_map_points=33304 occupied_voxels=24958 state=WAITING_FOR_PATH
[2026-07-06 13:48:05.621] [WARN] [GLOBAL_PATH_LOST] no valid global path in replan
[2026-07-06 13:48:06.607] [INFO] [SUMMARY] state=WAITING_FOR_PATH current_pose=(-1.500,3.200,0.000,0.000) pose_source=tf:base_link tf_age=-1.000 local_target=(0.000,0.000,0.000) path_size=0 local_map_points=33304 trajectory_valid=false min_obstacle_distance=0.451 tracking_error=0.000 cmd_vel_nav=(0.000,0.000,0.000) replan_count=0 collision_count=0
[2026-07-06 13:48:06.610] [INFO] [PERFORMANCE_SUMMARY] cloud_input_hz=0.000 cloud_processed_hz=0.000 planning_hz=0.000 control_cmd_hz=39.861 visualization_hz=1.993 avg_cloud_process_time_ms=0.000 avg_planning_time_ms=0.000 avg_control_time_ms=0.019 avg_visualization_time_ms=3.160 last_cloud_process_time_ms=0.000 dropped_cloud_count=0 local_map_points=33304 occupied_voxels=24958 state=WAITING_FOR_PATH
[2026-07-06 13:48:07.591] [INFO] [PERFORMANCE_SUMMARY] cloud_input_hz=0.000 cloud_processed_hz=0.000 planning_hz=0.000 control_cmd_hz=40.757 visualization_hz=2.038 avg_cloud_process_time_ms=0.000 avg_planning_time_ms=0.000 avg_control_time_ms=0.019 avg_visualization_time_ms=3.259 last_cloud_process_time_ms=0.000 dropped_cloud_count=0 local_map_points=33304 occupied_voxels=24958 state=WAITING_FOR_PATH
[2026-07-06 13:48:07.621] [WARN] [GLOBAL_PATH_LOST] no valid global path in replan
[2026-07-06 13:48:08.109] [INFO] [SUMMARY] state=WAITING_FOR_PATH current_pose=(-1.500,3.200,0.000,0.000) pose_source=tf:base_link tf_age=-1.000 local_target=(0.000,0.000,0.000) path_size=0 local_map_points=33304 trajectory_valid=false min_obstacle_distance=0.451 tracking_error=0.000 cmd_vel_nav=(0.000,0.000,0.000) replan_count=0 collision_count=0
[2026-07-06 13:48:08.599] [INFO] [PERFORMANCE_SUMMARY] cloud_input_hz=0.000 cloud_processed_hz=0.000 planning_hz=0.000 control_cmd_hz=39.688 visualization_hz=1.984 avg_cloud_process_time_ms=0.000 avg_planning_time_ms=0.000 avg_control_time_ms=0.022 avg_visualization_time_ms=3.171 last_cloud_process_time_ms=0.000 dropped_cloud_count=0 local_map_points=33304 occupied_voxels=24958 state=WAITING_FOR_PATH
[2026-07-06 13:48:09.598] [INFO] [SUMMARY] state=WAITING_FOR_PATH current_pose=(-1.500,3.200,0.000,0.000) pose_source=tf:base_link tf_age=-1.000 local_target=(0.000,0.000,0.000) path_size=0 local_map_points=33304 trajectory_valid=false min_obstacle_distance=0.451 tracking_error=0.000 cmd_vel_nav=(0.000,0.000,0.000) replan_count=0 collision_count=0
[2026-07-06 13:48:09.601] [INFO] [PERFORMANCE_SUMMARY] cloud_input_hz=0.000 cloud_processed_hz=0.000 planning_hz=0.000 control_cmd_hz=39.929 visualization_hz=1.996 avg_cloud_process_time_ms=0.000 avg_planning_time_ms=0.000 avg_control_time_ms=0.018 avg_visualization_time_ms=3.284 last_cloud_process_time_ms=0.000 dropped_cloud_count=0 local_map_points=33304 occupied_voxels=24958 state=WAITING_FOR_PATH
[2026-07-06 13:48:09.671] [WARN] [GLOBAL_PATH_LOST] no valid global path in replan
