Performing C++ SOURCE FILE Test CMAKE_HAVE_LIBC_PTHREAD failed with the following output:
Change Dir: /ws/PCT_planner/planner/lib/build_noetic/CMakeFiles/CMakeTmp

Run Build Command(s):/usr/bin/make cmTC_3c6d2/fast && /usr/bin/make -f CMakeFiles/cmTC_3c6d2.dir/build.make CMakeFiles/cmTC_3c6d2.dir/build
make[1]: Entering directory '/ws/PCT_planner/planner/lib/build_noetic/CMakeFiles/CMakeTmp'
Building CXX object CMakeFiles/cmTC_3c6d2.dir/src.cxx.o
/usr/bin/c++    -Wall -Wextra -march=native -DCMAKE_HAVE_LIBC_PTHREAD   -std=gnu++14 -o CMakeFiles/cmTC_3c6d2.dir/src.cxx.o -c /ws/PCT_planner/planner/lib/build_noetic/CMakeFiles/CMakeTmp/src.cxx
Linking CXX executable cmTC_3c6d2
/usr/bin/cmake -E cmake_link_script CMakeFiles/cmTC_3c6d2.dir/link.txt --verbose=1
/usr/bin/c++  -Wall -Wextra -march=native -DCMAKE_HAVE_LIBC_PTHREAD    CMakeFiles/cmTC_3c6d2.dir/src.cxx.o  -o cmTC_3c6d2 
/usr/bin/ld: CMakeFiles/cmTC_3c6d2.dir/src.cxx.o: in function `main':
src.cxx:(.text+0x46): undefined reference to `pthread_create'
/usr/bin/ld: src.cxx:(.text+0x52): undefined reference to `pthread_detach'
/usr/bin/ld: src.cxx:(.text+0x63): undefined reference to `pthread_join'
collect2: error: ld returned 1 exit status
make[1]: *** [CMakeFiles/cmTC_3c6d2.dir/build.make:87: cmTC_3c6d2] Error 1
make[1]: Leaving directory '/ws/PCT_planner/planner/lib/build_noetic/CMakeFiles/CMakeTmp'
make: *** [Makefile:121: cmTC_3c6d2/fast] Error 2


Source file was:
#include <pthread.h>

void* test_func(void* data)
{
  return data;
}

int main(void)
{
  pthread_t thread;
  pthread_create(&thread, NULL, test_func, NULL);
  pthread_detach(thread);
  pthread_join(thread, NULL);
  pthread_atfork(NULL, NULL, NULL);
  pthread_exit(NULL);

  return 0;
}

Determining if the function pthread_create exists in the pthreads failed with the following output:
Change Dir: /ws/PCT_planner/planner/lib/build_noetic/CMakeFiles/CMakeTmp

Run Build Command(s):/usr/bin/make cmTC_730bb/fast && /usr/bin/make -f CMakeFiles/cmTC_730bb.dir/build.make CMakeFiles/cmTC_730bb.dir/build
make[1]: Entering directory '/ws/PCT_planner/planner/lib/build_noetic/CMakeFiles/CMakeTmp'
Building CXX object CMakeFiles/cmTC_730bb.dir/CheckFunctionExists.cxx.o
/usr/bin/c++    -Wall -Wextra -march=native -DCHECK_FUNCTION_EXISTS=pthread_create   -std=gnu++14 -o CMakeFiles/cmTC_730bb.dir/CheckFunctionExists.cxx.o -c /ws/PCT_planner/planner/lib/build_noetic/CMakeFiles/CheckLibraryExists/CheckFunctionExists.cxx
Linking CXX executable cmTC_730bb
/usr/bin/cmake -E cmake_link_script CMakeFiles/cmTC_730bb.dir/link.txt --verbose=1
/usr/bin/c++  -Wall -Wextra -march=native -DCHECK_FUNCTION_EXISTS=pthread_create    CMakeFiles/cmTC_730bb.dir/CheckFunctionExists.cxx.o  -o cmTC_730bb  -lpthreads 
/usr/bin/ld: cannot find -lpthreads
collect2: error: ld returned 1 exit status
make[1]: *** [CMakeFiles/cmTC_730bb.dir/build.make:87: cmTC_730bb] Error 1
make[1]: Leaving directory '/ws/PCT_planner/planner/lib/build_noetic/CMakeFiles/CMakeTmp'
make: *** [Makefile:121: cmTC_730bb/fast] Error 2



